{"value":"MIT","children":{"axios@npm:0.24.0":{"value":{"locator":"axios@npm:0.24.0","descriptor":"axios@npm:^0.24.0"},"children":{}},"dicer@npm:0.3.0":{"value":{"locator":"dicer@npm:0.3.0","descriptor":"dicer@npm:^0.3.0"},"children":{}},"is-ci@npm:1.2.1":{"value":{"locator":"is-ci@npm:1.2.1","descriptor":"is-ci@npm:^1.0.0"},"children":{}},"is-ci@npm:2.0.0":{"value":{"locator":"is-ci@npm:2.0.0","descriptor":"is-ci@npm:^2.0.0"},"children":{}},"is-function@npm:1.0.2":{"value":{"locator":"is-function@npm:1.0.2","descriptor":"is-function@npm:^1.0.2"},"children":{}},"is-promise@npm:3.0.0":{"value":{"locator":"is-promise@npm:3.0.0","descriptor":"is-promise@npm:^3.0.0"},"children":{}},"is-promise@npm:4.0.0":{"value":{"locator":"is-promise@npm:4.0.0","descriptor":"is-promise@npm:^4.0.0"},"children":{}}}}
{"value":"UNKNOWN","children":{"package1@workspace:packages/package1":{"value":{"locator":"package1@workspace:packages/package1","descriptor":"package1@workspace:packages/package1"},"children":{}},"test-package@workspace:.":{"value":{"locator":"test-package@workspace:.","descriptor":"test-package@workspace:."},"children":{}}}}
{"value":"Apache-2.0","children":{"realms-shim@npm:1.2.2":{"value":{"locator":"realms-shim@npm:1.2.2","descriptor":"realms-shim@npm:^1.2.2"},"children":{}}}}
