├─ MIT
│  ├─ axios@npm:0.24.0 (via npm:^0.24.0)
│  │  ├─ URL: https://github.com/axios/axios.git
│  │  └─ VendorUrl: https://axios-http.com
│  ├─ ci-info@npm:1.6.0 (via npm:^1.5.0)
│  │  ├─ URL: https://github.com/watson/ci-info.git
│  │  └─ VendorUrl: https://github.com/watson/ci-info
│  ├─ ci-info@npm:2.0.0 (via npm:^2.0.0)
│  │  ├─ URL: https://github.com/watson/ci-info.git
│  │  └─ VendorUrl: https://github.com/watson/ci-info
│  ├─ dicer@npm:0.3.0 (via npm:^0.3.0)
│  │  └─ URL: http://github.com/mscdex/dicer.git
│  ├─ follow-redirects@npm:1.14.8 [39e5c] (via npm:^1.14.4 [39e5c])
│  │  ├─ URL: git@github.com:follow-redirects/follow-redirects.git
│  │  └─ VendorUrl: https://github.com/follow-redirects/follow-redirects
│  ├─ is-ci@npm:1.2.1 (via npm:^1.0.0)
│  │  ├─ URL: https://github.com/watson/is-ci.git
│  │  └─ VendorUrl: https://github.com/watson/is-ci
│  ├─ is-ci@npm:2.0.0 (via npm:^2.0.0)
│  │  ├─ URL: https://github.com/watson/is-ci.git
│  │  └─ VendorUrl: https://github.com/watson/is-ci
│  ├─ is-function@npm:1.0.2 (via npm:^1.0.2)
│  │  ├─ URL: git://github.com/grncdr/js-is-function.git
│  │  └─ VendorUrl: https://github.com/grncdr/js-is-function
│  ├─ is-promise@npm:3.0.0 (via npm:^3.0.0)
│  │  └─ URL: https://github.com/then/is-promise.git
│  ├─ is-promise@npm:4.0.0 (via npm:^4.0.0)
│  │  └─ URL: https://github.com/then/is-promise.git
│  └─ streamsearch@npm:0.1.2 (via npm:0.1.2)
│     └─ URL: http://github.com/mscdex/streamsearch.git
│
├─ Apache-2.0
│  └─ caseless@npm:0.12.0 (via npm:^0.12.0)
│     └─ URL: https://github.com/mikeal/caseless
│
└─ UNKNOWN
   ├─ package1@workspace:packages/package1 (via workspace:packages/package1)
   └─ test-package@workspace:. (via workspace:.)
