{"value":"MIT","children":{"axios@npm:0.20.0":{"value":{"locator":"axios@npm:0.20.0","descriptor":"axios@npm:^0.20.0"},"children":{"url":"https://github.com/axios/axios.git","vendorUrl":"https://github.com/axios/axios"}},"is-ci@npm:1.2.1":{"value":{"locator":"is-ci@npm:1.2.1","descriptor":"is-ci@npm:^1.0.0"},"children":{"url":"https://github.com/watson/is-ci.git","vendorUrl":"https://github.com/watson/is-ci"}},"is-ci@npm:2.0.0":{"value":{"locator":"is-ci@npm:2.0.0","descriptor":"is-ci@npm:^2.0.0"},"children":{"url":"https://github.com/watson/is-ci.git","vendorUrl":"https://github.com/watson/is-ci"}},"is-function@npm:1.0.2":{"value":{"locator":"is-function@npm:1.0.2","descriptor":"is-function@npm:^1.0.2"},"children":{"url":"git://github.com/grncdr/js-is-function.git","vendorUrl":"https://github.com/grncdr/js-is-function"}},"is-promise@npm:3.0.0":{"value":{"locator":"is-promise@npm:3.0.0","descriptor":"is-promise@npm:^3.0.0"},"children":{"url":"https://github.com/then/is-promise.git"}},"is-promise@npm:4.0.0":{"value":{"locator":"is-promise@npm:4.0.0","descriptor":"is-promise@npm:^4.0.0"},"children":{"url":"https://github.com/then/is-promise.git"}}}}
{"value":"UNKNOWN","children":{"package1@workspace:packages/package1":{"value":{"locator":"package1@workspace:packages/package1","descriptor":"package1@workspace:packages/package1"},"children":{}},"test-package@workspace:.":{"value":{"locator":"test-package@workspace:.","descriptor":"test-package@workspace:."},"children":{}}}}
{"value":"Apache-2.0","children":{"realms-shim@npm:1.2.2":{"value":{"locator":"realms-shim@npm:1.2.2","descriptor":"realms-shim@npm:^1.2.2"},"children":{"url":"git+https://github.com/Agoric/realms-shim.git","vendorName":"TC39 Open Source Contributors","vendorUrl":"https://github.com/Agoric/realms-shim#readme"}}}}
