├─ MIT
│  ├─ axios@npm:0.20.0 (via npm:^0.20.0)
│  │  ├─ URL: https://github.com/axios/axios.git
│  │  └─ VendorUrl: https://github.com/axios/axios
│  ├─ is-ci@npm:2.0.0 (via npm:^2.0.0)
│  │  ├─ URL: https://github.com/watson/is-ci.git
│  │  └─ VendorUrl: https://github.com/watson/is-ci
│  └─ is-promise@npm:3.0.0 (via npm:^3.0.0)
│     └─ URL: https://github.com/then/is-promise.git
│
├─ UNKNOWN
│  ├─ package1@workspace:packages/package1 (via workspace:packages/package1)
│  └─ test-package@workspace:. (via workspace:.)
│
└─ Apache-2.0
   └─ realms-shim@npm:1.2.2 (via npm:^1.2.2)
      ├─ URL: git+https://github.com/Agoric/realms-shim.git
      ├─ VendorName: TC39 Open Source Contributors
      └─ VendorUrl: https://github.com/Agoric/realms-shim#readme
